=== Boot Summary ===
Total Lines: 41856
Started Boots: 294
Completed Boots: 10

=== Device boot ===
4(logs/device5_intouch.log): 2013-05-04 05:28:13 Boot Start
**** Incomplete boot **** 

=== Device boot ===
175(logs/device5_intouch.log): 2013-10-26 07:45:12 Boot Start
**** Incomplete boot **** 

=== Device boot ===
388(logs/device5_intouch.log): 2013-11-01 12:28:32 Boot Start
**** Incomplete boot **** 

=== Device boot ===
418(logs/device5_intouch.log): 2013-11-01 12:31:02 Boot Start
**** Incomplete boot **** 

=== Device boot ===
449(logs/device5_intouch.log): 2013-11-01 13:01:47 Boot Start
**** Incomplete boot **** 

=== Device boot ===
684(logs/device5_intouch.log): 2013-11-02 12:27:03 Boot Start
**** Incomplete boot **** 

=== Device boot ===
715(logs/device5_intouch.log): 2013-11-02 12:29:34 Boot Start
**** Incomplete boot **** 

=== Device boot ===
746(logs/device5_intouch.log): 2013-11-02 13:01:55 Boot Start
**** Incomplete boot **** 

=== Device boot ===
976(logs/device5_intouch.log): 2013-11-03 12:24:47 Boot Start
**** Incomplete boot **** 

=== Device boot ===
1006(logs/device5_intouch.log): 2013-11-03 12:27:15 Boot Start
**** Incomplete boot **** 

=== Device boot ===
1036(logs/device5_intouch.log): 2013-11-03 14:01:47 Boot Start
**** Incomplete boot **** 

=== Device boot ===
1272(logs/device5_intouch.log): 2013-11-04 13:23:03 Boot Start
**** Incomplete boot **** 

=== Device boot ===
1302(logs/device5_intouch.log): 2013-11-04 13:25:35 Boot Start
**** Incomplete boot **** 

=== Device boot ===
1333(logs/device5_intouch.log): 2013-11-04 14:01:47 Boot Start
**** Incomplete boot **** 

=== Device boot ===
1567(logs/device5_intouch.log): 2013-11-05 14:01:44 Boot Start
**** Incomplete boot **** 

=== Device boot ===
1806(logs/device5_intouch.log): 2013-11-06 13:21:39 Boot Start
**** Incomplete boot **** 

=== Device boot ===
1836(logs/device5_intouch.log): 2013-11-06 13:24:10 Boot Start
**** Incomplete boot **** 

=== Device boot ===
1867(logs/device5_intouch.log): 2013-11-06 14:01:52 Boot Start
**** Incomplete boot **** 

=== Device boot ===
2103(logs/device5_intouch.log): 2013-11-07 13:21:30 Boot Start
**** Incomplete boot **** 

=== Device boot ===
2135(logs/device5_intouch.log): 2013-11-07 13:24:01 Boot Start
**** Incomplete boot **** 

=== Device boot ===
2166(logs/device5_intouch.log): 2013-11-07 14:01:51 Boot Start
**** Incomplete boot **** 

=== Device boot ===
2401(logs/device5_intouch.log): 2013-11-08 13:20:48 Boot Start
**** Incomplete boot **** 

=== Device boot ===
2431(logs/device5_intouch.log): 2013-11-08 13:23:19 Boot Start
**** Incomplete boot **** 

=== Device boot ===
2462(logs/device5_intouch.log): 2013-11-08 14:01:45 Boot Start
**** Incomplete boot **** 

=== Device boot ===
2697(logs/device5_intouch.log): 2013-11-09 14:01:55 Boot Start
**** Incomplete boot **** 

=== Device boot ===
2931(logs/device5_intouch.log): 2013-11-10 13:20:09 Boot Start
**** Incomplete boot **** 

=== Device boot ===
2961(logs/device5_intouch.log): 2013-11-10 13:22:38 Boot Start
**** Incomplete boot **** 

=== Device boot ===
2991(logs/device5_intouch.log): 2013-11-10 14:01:48 Boot Start
**** Incomplete boot **** 

=== Device boot ===
3225(logs/device5_intouch.log): 2013-11-11 13:19:47 Boot Start
**** Incomplete boot **** 

=== Device boot ===
3255(logs/device5_intouch.log): 2013-11-11 13:22:16 Boot Start
**** Incomplete boot **** 

=== Device boot ===
3286(logs/device5_intouch.log): 2013-11-11 14:01:49 Boot Start
**** Incomplete boot **** 

=== Device boot ===
3572(logs/device5_intouch.log): 2013-11-12 13:19:14 Boot Start
**** Incomplete boot **** 

=== Device boot ===
3602(logs/device5_intouch.log): 2013-11-12 13:21:44 Boot Start
**** Incomplete boot **** 

=== Device boot ===
3632(logs/device5_intouch.log): 2013-11-12 14:01:49 Boot Start
**** Incomplete boot **** 

=== Device boot ===
3866(logs/device5_intouch.log): 2013-11-13 13:18:49 Boot Start
**** Incomplete boot **** 

=== Device boot ===
3896(logs/device5_intouch.log): 2013-11-13 13:21:19 Boot Start
**** Incomplete boot **** 

=== Device boot ===
3926(logs/device5_intouch.log): 2013-11-13 14:01:49 Boot Start
**** Incomplete boot **** 

=== Device boot ===
4161(logs/device5_intouch.log): 2013-11-14 14:01:50 Boot Start
**** Incomplete boot **** 

=== Device boot ===
4395(logs/device5_intouch.log): 2013-11-15 13:18:24 Boot Start
**** Incomplete boot **** 

=== Device boot ===
4425(logs/device5_intouch.log): 2013-11-15 13:20:55 Boot Start
**** Incomplete boot **** 

=== Device boot ===
4456(logs/device5_intouch.log): 2013-11-15 14:01:51 Boot Start
**** Incomplete boot **** 

=== Device boot ===
4690(logs/device5_intouch.log): 2013-11-16 13:17:04 Boot Start
**** Incomplete boot **** 

=== Device boot ===
4720(logs/device5_intouch.log): 2013-11-16 13:19:35 Boot Start
**** Incomplete boot **** 

=== Device boot ===
4751(logs/device5_intouch.log): 2013-11-16 14:01:49 Boot Start
**** Incomplete boot **** 

=== Device boot ===
4985(logs/device5_intouch.log): 2013-11-17 13:16:12 Boot Start
**** Incomplete boot **** 

=== Device boot ===
5015(logs/device5_intouch.log): 2013-11-17 13:18:40 Boot Start
**** Incomplete boot **** 

=== Device boot ===
5046(logs/device5_intouch.log): 2013-11-17 14:01:50 Boot Start
**** Incomplete boot **** 

=== Device boot ===
5281(logs/device5_intouch.log): 2013-11-18 13:15:14 Boot Start
**** Incomplete boot **** 

=== Device boot ===
5311(logs/device5_intouch.log): 2013-11-18 13:17:47 Boot Start
**** Incomplete boot **** 

=== Device boot ===
5341(logs/device5_intouch.log): 2013-11-18 14:01:46 Boot Start
**** Incomplete boot **** 

=== Device boot ===
5576(logs/device5_intouch.log): 2013-11-19 13:14:29 Boot Start
**** Incomplete boot **** 

=== Device boot ===
5607(logs/device5_intouch.log): 2013-11-19 13:17:02 Boot Start
**** Incomplete boot **** 

=== Device boot ===
5637(logs/device5_intouch.log): 2013-11-19 14:01:46 Boot Start
**** Incomplete boot **** 

=== Device boot ===
5872(logs/device5_intouch.log): 2013-11-20 13:14:12 Boot Start
**** Incomplete boot **** 

=== Device boot ===
5902(logs/device5_intouch.log): 2013-11-20 14:01:43 Boot Start
**** Incomplete boot **** 

=== Device boot ===
6132(logs/device5_intouch.log): 2013-11-21 13:16:19 Boot Start
**** Incomplete boot **** 

=== Device boot ===
6162(logs/device5_intouch.log): 2013-11-21 13:18:49 Boot Start
**** Incomplete boot **** 

=== Device boot ===
6192(logs/device5_intouch.log): 2013-11-21 14:01:51 Boot Start
**** Incomplete boot **** 

=== Device boot ===
6429(logs/device5_intouch.log): 2013-11-22 13:15:45 Boot Start
**** Incomplete boot **** 

=== Device boot ===
6459(logs/device5_intouch.log): 2013-11-22 13:18:13 Boot Start
**** Incomplete boot **** 

=== Device boot ===
6490(logs/device5_intouch.log): 2013-11-22 14:01:52 Boot Start
**** Incomplete boot **** 

=== Device boot ===
6725(logs/device5_intouch.log): 2013-11-23 14:01:51 Boot Start
**** Incomplete boot **** 

=== Device boot ===
6962(logs/device5_intouch.log): 2013-11-24 13:15:25 Boot Start
**** Incomplete boot **** 

=== Device boot ===
6992(logs/device5_intouch.log): 2013-11-24 13:17:56 Boot Start
**** Incomplete boot **** 

=== Device boot ===
7023(logs/device5_intouch.log): 2013-11-24 14:01:42 Boot Start
**** Incomplete boot **** 

=== Device boot ===
7257(logs/device5_intouch.log): 2013-11-25 13:14:51 Boot Start
**** Incomplete boot **** 

=== Device boot ===
7287(logs/device5_intouch.log): 2013-11-25 13:17:22 Boot Start
**** Incomplete boot **** 

=== Device boot ===
7318(logs/device5_intouch.log): 2013-11-25 13:19:53 Boot Start
**** Incomplete boot **** 

=== Device boot ===
7323(logs/device5_intouch.log): 2013-11-25 14:01:54 Boot Start
**** Incomplete boot **** 

=== Device boot ===
7558(logs/device5_intouch.log): 2013-11-26 13:14:55 Boot Start
**** Incomplete boot **** 

=== Device boot ===
7588(logs/device5_intouch.log): 2013-11-26 13:17:26 Boot Start
**** Incomplete boot **** 

=== Device boot ===
7619(logs/device5_intouch.log): 2013-11-26 14:01:53 Boot Start
**** Incomplete boot **** 

=== Device boot ===
7853(logs/device5_intouch.log): 2013-11-27 13:15:01 Boot Start
**** Incomplete boot **** 

=== Device boot ===
7883(logs/device5_intouch.log): 2013-11-27 14:02:40 Boot Start
**** Incomplete boot **** 

=== Device boot ===
8118(logs/device5_intouch.log): 2013-11-28 13:12:24 Boot Start
**** Incomplete boot **** 

=== Device boot ===
8148(logs/device5_intouch.log): 2013-11-28 13:14:54 Boot Start
**** Incomplete boot **** 

=== Device boot ===
8179(logs/device5_intouch.log): 2013-11-28 13:17:25 Boot Start
**** Incomplete boot **** 

=== Device boot ===
8194(logs/device5_intouch.log): 2013-11-28 14:02:44 Boot Start
**** Incomplete boot **** 

=== Device boot ===
8429(logs/device5_intouch.log): 2013-11-29 13:09:46 Boot Start
**** Incomplete boot **** 

=== Device boot ===
8459(logs/device5_intouch.log): 2013-11-29 13:12:16 Boot Start
**** Incomplete boot **** 

=== Device boot ===
8490(logs/device5_intouch.log): 2013-11-29 14:02:40 Boot Start
**** Incomplete boot **** 

=== Device boot ===
8727(logs/device5_intouch.log): 2013-11-30 13:08:26 Boot Start
**** Incomplete boot **** 

=== Device boot ===
8757(logs/device5_intouch.log): 2013-11-30 13:10:56 Boot Start
**** Incomplete boot **** 

=== Device boot ===
8787(logs/device5_intouch.log): 2013-11-30 13:13:26 Boot Start
**** Incomplete boot **** 

=== Device boot ===
8805(logs/device5_intouch.log): 2013-11-30 14:02:40 Boot Start
**** Incomplete boot **** 

=== Device boot ===
9040(logs/device5_intouch.log): 2013-12-01 13:07:11 Boot Start
**** Incomplete boot **** 

=== Device boot ===
9070(logs/device5_intouch.log): 2013-12-01 13:09:41 Boot Start
**** Incomplete boot **** 

=== Device boot ===
9100(logs/device5_intouch.log): 2013-12-01 13:12:09 Boot Start
**** Incomplete boot **** 

=== Device boot ===
9118(logs/device5_intouch.log): 2013-12-01 14:02:38 Boot Start
**** Incomplete boot **** 

=== Device boot ===
9355(logs/device5_intouch.log): 2013-12-02 13:06:39 Boot Start
**** Incomplete boot **** 

=== Device boot ===
9386(logs/device5_intouch.log): 2013-12-02 13:09:10 Boot Start
**** Incomplete boot **** 

=== Device boot ===
9417(logs/device5_intouch.log): 2013-12-02 13:11:41 Boot Start
**** Incomplete boot **** 

=== Device boot ===
9435(logs/device5_intouch.log): 2013-12-02 14:02:40 Boot Start
**** Incomplete boot **** 

=== Device boot ===
9663(logs/device5_intouch.log): 2013-12-03 13:06:52 Boot Start
**** Incomplete boot **** 

=== Device boot ===
9694(logs/device5_intouch.log): 2013-12-03 14:02:50 Boot Start
**** Incomplete boot **** 

=== Device boot ===
9922(logs/device5_intouch.log): 2013-12-04 13:07:48 Boot Start
**** Incomplete boot **** 

=== Device boot ===
9953(logs/device5_intouch.log): 2013-12-04 13:10:18 Boot Start
**** Incomplete boot **** 

=== Device boot ===
9984(logs/device5_intouch.log): 2013-12-04 13:12:49 Boot Start
**** Incomplete boot **** 

=== Device boot ===
10002(logs/device5_intouch.log): 2013-12-04 14:02:44 Boot Start
**** Incomplete boot **** 

=== Device boot ===
10232(logs/device5_intouch.log): 2013-12-05 13:07:22 Boot Start
**** Incomplete boot **** 

=== Device boot ===
10262(logs/device5_intouch.log): 2013-12-05 13:09:53 Boot Start
**** Incomplete boot **** 

=== Device boot ===
10292(logs/device5_intouch.log): 2013-12-05 13:12:24 Boot Start
**** Incomplete boot **** 

=== Device boot ===
10310(logs/device5_intouch.log): 2013-12-05 14:02:36 Boot Start
**** Incomplete boot **** 

=== Device boot ===
10545(logs/device5_intouch.log): 2013-12-06 14:02:41 Boot Start
**** Incomplete boot **** 

=== Device boot ===
10774(logs/device5_intouch.log): 2013-12-07 13:07:25 Boot Start
**** Incomplete boot **** 

=== Device boot ===
10804(logs/device5_intouch.log): 2013-12-07 13:09:56 Boot Start
**** Incomplete boot **** 

=== Device boot ===
10834(logs/device5_intouch.log): 2013-12-07 13:12:25 Boot Start
**** Incomplete boot **** 

=== Device boot ===
10852(logs/device5_intouch.log): 2013-12-07 14:02:41 Boot Start
**** Incomplete boot **** 

=== Device boot ===
11079(logs/device5_intouch.log): 2013-12-08 13:06:49 Boot Start
**** Incomplete boot **** 

=== Device boot ===
11109(logs/device5_intouch.log): 2013-12-08 13:09:20 Boot Start
**** Incomplete boot **** 

=== Device boot ===
11140(logs/device5_intouch.log): 2013-12-08 14:02:43 Boot Start
**** Incomplete boot **** 

=== Device boot ===
11367(logs/device5_intouch.log): 2013-12-09 13:06:14 Boot Start
**** Incomplete boot **** 

=== Device boot ===
11397(logs/device5_intouch.log): 2013-12-09 13:08:45 Boot Start
**** Incomplete boot **** 

=== Device boot ===
11428(logs/device5_intouch.log): 2013-12-09 13:11:16 Boot Start
**** Incomplete boot **** 

=== Device boot ===
11454(logs/device5_intouch.log): 2013-12-09 14:02:36 Boot Start
**** Incomplete boot **** 

=== Device boot ===
11683(logs/device5_intouch.log): 2013-12-10 13:05:17 Boot Start
**** Incomplete boot **** 

=== Device boot ===
11714(logs/device5_intouch.log): 2013-12-10 13:07:47 Boot Start
**** Incomplete boot **** 

=== Device boot ===
11744(logs/device5_intouch.log): 2013-12-10 13:10:17 Boot Start
**** Incomplete boot **** 

=== Device boot ===
11772(logs/device5_intouch.log): 2013-12-10 14:02:39 Boot Start
**** Incomplete boot **** 

=== Device boot ===
12006(logs/device5_intouch.log): 2013-12-11 13:06:12 Boot Start
**** Incomplete boot **** 

=== Device boot ===
12036(logs/device5_intouch.log): 2013-12-11 13:08:41 Boot Start
**** Incomplete boot **** 

=== Device boot ===
12067(logs/device5_intouch.log): 2013-12-11 13:11:10 Boot Start
**** Incomplete boot **** 

=== Device boot ===
12093(logs/device5_intouch.log): 2013-12-11 14:02:35 Boot Start
**** Incomplete boot **** 

=== Device boot ===
12321(logs/device5_intouch.log): 2013-12-12 13:06:12 Boot Start
**** Incomplete boot **** 

=== Device boot ===
12351(logs/device5_intouch.log): 2013-12-12 13:08:44 Boot Start
**** Incomplete boot **** 

=== Device boot ===
12381(logs/device5_intouch.log): 2013-12-12 13:11:15 Boot Start
**** Incomplete boot **** 

=== Device boot ===
12401(logs/device5_intouch.log): 2013-12-12 14:02:38 Boot Start
**** Incomplete boot **** 

=== Device boot ===
12628(logs/device5_intouch.log): 2013-12-13 13:06:00 Boot Start
**** Incomplete boot **** 

=== Device boot ===
12659(logs/device5_intouch.log): 2013-12-13 14:02:44 Boot Start
**** Incomplete boot **** 

=== Device boot ===
12886(logs/device5_intouch.log): 2013-12-14 13:06:04 Boot Start
**** Incomplete boot **** 

=== Device boot ===
12917(logs/device5_intouch.log): 2013-12-14 13:08:35 Boot Start
**** Incomplete boot **** 

=== Device boot ===
12947(logs/device5_intouch.log): 2013-12-14 13:11:04 Boot Start
**** Incomplete boot **** 

=== Device boot ===
12976(logs/device5_intouch.log): 2013-12-14 14:02:42 Boot Start
**** Incomplete boot **** 

=== Device boot ===
13222(logs/device5_intouch.log): 2013-12-15 13:04:51 Boot Start
**** Incomplete boot **** 

=== Device boot ===
13250(logs/device5_intouch.log): 2013-12-15 13:07:23 Boot Start
**** Incomplete boot **** 

=== Device boot ===
13272(logs/device5_intouch.log): 2013-12-15 13:09:54 Boot Start
**** Incomplete boot **** 

=== Device boot ===
13301(logs/device5_intouch.log): 2013-12-15 14:02:43 Boot Start
**** Incomplete boot **** 

=== Device boot ===
13539(logs/device5_intouch.log): 2013-12-16 13:05:24 Boot Start
**** Incomplete boot **** 

=== Device boot ===
13569(logs/device5_intouch.log): 2013-12-16 13:07:53 Boot Start
**** Incomplete boot **** 

=== Device boot ===
13600(logs/device5_intouch.log): 2013-12-16 14:02:41 Boot Start
**** Incomplete boot **** 

=== Device boot ===
13850(logs/device5_intouch.log): 2013-12-17 14:02:38 Boot Start
**** Incomplete boot **** 

=== Device boot ===
14087(logs/device5_intouch.log): 2013-12-18 13:05:38 Boot Start
**** Incomplete boot **** 

=== Device boot ===
14117(logs/device5_intouch.log): 2013-12-18 13:08:08 Boot Start
**** Incomplete boot **** 

=== Device boot ===
14148(logs/device5_intouch.log): 2013-12-18 13:10:39 Boot Start
**** Incomplete boot **** 

=== Device boot ===
14179(logs/device5_intouch.log): 2013-12-18 14:02:34 Boot Start
**** Incomplete boot **** 

=== Device boot ===
14410(logs/device5_intouch.log): 2013-12-19 13:05:42 Boot Start
**** Incomplete boot **** 

=== Device boot ===
14433(logs/device5_intouch.log): 2013-12-19 13:08:14 Boot Start
**** Incomplete boot **** 

=== Device boot ===
14464(logs/device5_intouch.log): 2013-12-19 13:10:43 Boot Start
**** Incomplete boot **** 

=== Device boot ===
14495(logs/device5_intouch.log): 2013-12-19 14:02:36 Boot Start
**** Incomplete boot **** 

=== Device boot ===
14729(logs/device5_intouch.log): 2013-12-20 13:04:51 Boot Start
**** Incomplete boot **** 

=== Device boot ===
14760(logs/device5_intouch.log): 2013-12-20 13:07:23 Boot Start
**** Incomplete boot **** 

=== Device boot ===
14790(logs/device5_intouch.log): 2013-12-20 13:09:54 Boot Start
**** Incomplete boot **** 

=== Device boot ===
14820(logs/device5_intouch.log): 2013-12-20 14:02:35 Boot Start
**** Incomplete boot **** 

=== Device boot ===
15053(logs/device5_intouch.log): 2013-12-21 14:02:38 Boot Start
**** Incomplete boot **** 

=== Device boot ===
15288(logs/device5_intouch.log): 2013-12-22 13:03:26 Boot Start
**** Incomplete boot **** 

=== Device boot ===
15319(logs/device5_intouch.log): 2013-12-22 13:05:57 Boot Start
**** Incomplete boot **** 

=== Device boot ===
15346(logs/device5_intouch.log): 2013-12-22 13:08:28 Boot Start
**** Incomplete boot **** 

=== Device boot ===
15368(logs/device5_intouch.log): 2013-12-22 14:02:35 Boot Start
**** Incomplete boot **** 

=== Device boot ===
15602(logs/device5_intouch.log): 2013-12-23 13:03:24 Boot Start
**** Incomplete boot **** 

=== Device boot ===
15632(logs/device5_intouch.log): 2013-12-23 13:05:51 Boot Start
**** Incomplete boot **** 

=== Device boot ===
15665(logs/device5_intouch.log): 2013-12-23 13:08:21 Boot Start
**** Incomplete boot **** 

=== Device boot ===
15696(logs/device5_intouch.log): 2013-12-23 14:02:34 Boot Start
**** Incomplete boot **** 

=== Device boot ===
15925(logs/device5_intouch.log): 2013-12-24 13:03:10 Boot Start
**** Incomplete boot **** 

=== Device boot ===
15955(logs/device5_intouch.log): 2013-12-24 13:05:40 Boot Start
**** Incomplete boot **** 

=== Device boot ===
15985(logs/device5_intouch.log): 2013-12-24 13:08:09 Boot Start
**** Incomplete boot **** 

=== Device boot ===
16016(logs/device5_intouch.log): 2013-12-24 14:02:32 Boot Start
**** Incomplete boot **** 

=== Device boot ===
16249(logs/device5_intouch.log): 2013-12-25 13:02:43 Boot Start
**** Incomplete boot **** 

=== Device boot ===
16279(logs/device5_intouch.log): 2013-12-25 13:05:13 Boot Start
**** Incomplete boot **** 

=== Device boot ===
16309(logs/device5_intouch.log): 2013-12-25 13:07:44 Boot Start
**** Incomplete boot **** 

=== Device boot ===
16339(logs/device5_intouch.log): 2013-12-25 14:02:36 Boot Start
**** Incomplete boot **** 

=== Device boot ===
16567(logs/device5_intouch.log): 2013-12-26 14:02:37 Boot Start
**** Incomplete boot **** 

=== Device boot ===
16795(logs/device5_intouch.log): 2013-12-27 13:02:22 Boot Start
**** Incomplete boot **** 

=== Device boot ===
16826(logs/device5_intouch.log): 2013-12-27 13:04:52 Boot Start
**** Incomplete boot **** 

=== Device boot ===
16856(logs/device5_intouch.log): 2013-12-27 13:07:24 Boot Start
**** Incomplete boot **** 

=== Device boot ===
16886(logs/device5_intouch.log): 2013-12-27 14:02:39 Boot Start
**** Incomplete boot **** 

=== Device boot ===
17114(logs/device5_intouch.log): 2013-12-28 14:02:37 Boot Start
**** Incomplete boot **** 

=== Device boot ===
17341(logs/device5_intouch.log): 2013-12-29 14:02:39 Boot Start
**** Incomplete boot **** 

=== Device boot ===
17567(logs/device5_intouch.log): 2013-12-30 13:01:15 Boot Start
**** Incomplete boot **** 

=== Device boot ===
17598(logs/device5_intouch.log): 2013-12-30 13:03:46 Boot Start
**** Incomplete boot **** 

=== Device boot ===
17628(logs/device5_intouch.log): 2013-12-30 13:06:18 Boot Start
**** Incomplete boot **** 

=== Device boot ===
17658(logs/device5_intouch.log): 2013-12-30 14:02:36 Boot Start
**** Incomplete boot **** 

=== Device boot ===
17883(logs/device5_intouch.log): 2013-12-31 13:01:00 Boot Start
**** Incomplete boot **** 

=== Device boot ===
17913(logs/device5_intouch.log): 2013-12-31 14:02:35 Boot Start
**** Incomplete boot **** 

=== Device boot ===
18139(logs/device5_intouch.log): 2014-01-01 13:00:37 Boot Start
**** Incomplete boot **** 

=== Device boot ===
18169(logs/device5_intouch.log): 2014-01-01 13:03:07 Boot Start
**** Incomplete boot **** 

=== Device boot ===
18199(logs/device5_intouch.log): 2014-01-01 13:05:37 Boot Start
**** Incomplete boot **** 

=== Device boot ===
18229(logs/device5_intouch.log): 2014-01-01 14:02:39 Boot Start
**** Incomplete boot **** 

=== Device boot ===
18455(logs/device5_intouch.log): 2014-01-02 13:00:38 Boot Start
**** Incomplete boot **** 

=== Device boot ===
18489(logs/device5_intouch.log): 2014-01-02 13:03:08 Boot Start
**** Incomplete boot **** 

=== Device boot ===
18519(logs/device5_intouch.log): 2014-01-02 13:05:38 Boot Start
**** Incomplete boot **** 

=== Device boot ===
18550(logs/device5_intouch.log): 2014-01-02 14:02:43 Boot Start
**** Incomplete boot **** 

=== Device boot ===
18776(logs/device5_intouch.log): 2014-01-03 13:00:23 Boot Start
**** Incomplete boot **** 

=== Device boot ===
18807(logs/device5_intouch.log): 2014-01-03 13:02:55 Boot Start
**** Incomplete boot **** 

=== Device boot ===
18837(logs/device5_intouch.log): 2014-01-03 13:05:26 Boot Start
**** Incomplete boot **** 

=== Device boot ===
18868(logs/device5_intouch.log): 2014-01-03 14:02:47 Boot Start
**** Incomplete boot **** 

=== Device boot ===
19093(logs/device5_intouch.log): 2014-01-04 14:02:41 Boot Start
**** Incomplete boot **** 

=== Device boot ===
19319(logs/device5_intouch.log): 2014-01-05 12:59:51 Boot Start
**** Incomplete boot **** 

=== Device boot ===
19351(logs/device5_intouch.log): 2014-01-05 14:02:35 Boot Start
**** Incomplete boot **** 

=== Device boot ===
19577(logs/device5_intouch.log): 2014-01-06 14:02:37 Boot Start
**** Incomplete boot **** 

=== Device boot ===
19803(logs/device5_intouch.log): 2014-01-07 12:59:24 Boot Start
**** Incomplete boot **** 

=== Device boot ===
19835(logs/device5_intouch.log): 2014-01-07 13:01:54 Boot Start
**** Incomplete boot **** 

=== Device boot ===
19940(logs/device5_intouch.log): 2014-01-07 14:02:30 Boot Start
**** Incomplete boot **** 

=== Device boot ===
20165(logs/device5_intouch.log): 2014-01-08 12:58:49 Boot Start
**** Incomplete boot **** 

=== Device boot ===
20195(logs/device5_intouch.log): 2014-01-08 13:01:20 Boot Start
**** Incomplete boot **** 

=== Device boot ===
20226(logs/device5_intouch.log): 2014-01-08 13:03:51 Boot Start
**** Incomplete boot **** 

=== Device boot ===
20256(logs/device5_intouch.log): 2014-01-08 14:02:41 Boot Start
**** Incomplete boot **** 

=== Device boot ===
20481(logs/device5_intouch.log): 2014-01-09 12:58:48 Boot Start
**** Incomplete boot **** 

=== Device boot ===
20511(logs/device5_intouch.log): 2014-01-09 14:02:35 Boot Start
**** Incomplete boot **** 

=== Device boot ===
20737(logs/device5_intouch.log): 2014-01-10 12:57:42 Boot Start
**** Incomplete boot **** 

=== Device boot ===
20767(logs/device5_intouch.log): 2014-01-10 13:00:12 Boot Start
**** Incomplete boot **** 

=== Device boot ===
20797(logs/device5_intouch.log): 2014-01-10 13:02:41 Boot Start
**** Incomplete boot **** 

=== Device boot ===
20828(logs/device5_intouch.log): 2014-01-10 14:02:36 Boot Start
**** Incomplete boot **** 

=== Device boot ===
21053(logs/device5_intouch.log): 2014-01-11 12:58:03 Boot Start
**** Incomplete boot **** 

=== Device boot ===
21169(logs/device5_intouch.log): 2014-01-11 14:02:43 Boot Start
**** Incomplete boot **** 

=== Device boot ===
21394(logs/device5_intouch.log): 2014-01-12 12:58:11 Boot Start
**** Incomplete boot **** 

=== Device boot ===
21424(logs/device5_intouch.log): 2014-01-12 13:00:42 Boot Start
**** Incomplete boot **** 

=== Device boot ===
21454(logs/device5_intouch.log): 2014-01-12 13:03:13 Boot Start
**** Incomplete boot **** 

=== Device boot ===
21484(logs/device5_intouch.log): 2014-01-12 14:02:32 Boot Start
**** Incomplete boot **** 

=== Device boot ===
21709(logs/device5_intouch.log): 2014-01-13 14:02:40 Boot Start
**** Incomplete boot **** 

=== Device boot ===
22015(logs/device5_intouch.log): 2014-01-14 12:57:11 Boot Start
**** Incomplete boot **** 

=== Device boot ===
22046(logs/device5_intouch.log): 2014-01-14 12:59:43 Boot Start
**** Incomplete boot **** 

=== Device boot ===
22153(logs/device5_intouch.log): 2014-01-14 14:02:45 Boot Start
**** Incomplete boot **** 

=== Device boot ===
22378(logs/device5_intouch.log): 2014-01-15 12:57:05 Boot Start
**** Incomplete boot **** 

=== Device boot ===
22408(logs/device5_intouch.log): 2014-01-15 12:59:37 Boot Start
**** Incomplete boot **** 

=== Device boot ===
22440(logs/device5_intouch.log): 2014-01-15 13:02:08 Boot Start
**** Incomplete boot **** 

=== Device boot ===
22470(logs/device5_intouch.log): 2014-01-15 14:02:42 Boot Start
**** Incomplete boot **** 

=== Device boot ===
22754(logs/device5_intouch.log): 2014-01-16 12:53:32 Boot Start
**** Incomplete boot **** 

=== Device boot ===
22781(logs/device5_intouch.log): 2014-01-16 12:56:03 Boot Start
**** Incomplete boot **** 

=== Device boot ===
22803(logs/device5_intouch.log): 2014-01-16 12:58:33 Boot Start
**** Incomplete boot **** 

=== Device boot ===
22833(logs/device5_intouch.log): 2014-01-16 13:01:04 Boot Start
**** Incomplete boot **** 

=== Device boot ===
22864(logs/device5_intouch.log): 2014-01-16 14:02:42 Boot Start
**** Incomplete boot **** 

=== Device boot ===
23089(logs/device5_intouch.log): 2014-01-17 12:52:14 Boot Start
**** Incomplete boot **** 

=== Device boot ===
23120(logs/device5_intouch.log): 2014-01-17 12:54:46 Boot Start
**** Incomplete boot **** 

=== Device boot ===
23150(logs/device5_intouch.log): 2014-01-17 12:57:18 Boot Start
**** Incomplete boot **** 

=== Device boot ===
23180(logs/device5_intouch.log): 2014-01-17 12:59:45 Boot Start
**** Incomplete boot **** 

=== Device boot ===
23213(logs/device5_intouch.log): 2014-01-17 14:02:40 Boot Start
**** Incomplete boot **** 

=== Device boot ===
23561(logs/device5_intouch.log): 2014-01-18 12:55:53 Boot Start
**** Incomplete boot **** 

=== Device boot ===
23591(logs/device5_intouch.log): 2014-01-18 12:58:25 Boot Start
**** Incomplete boot **** 

=== Device boot ===
23621(logs/device5_intouch.log): 2014-01-18 13:00:56 Boot Start
**** Incomplete boot **** 

=== Device boot ===
23652(logs/device5_intouch.log): 2014-01-18 13:03:27 Boot Start
**** Incomplete boot **** 

=== Device boot ===
23670(logs/device5_intouch.log): 2014-01-18 14:02:38 Boot Start
**** Incomplete boot **** 

=== Device boot ===
24087(logs/device5_intouch.log): 2014-01-19 12:55:50 Boot Start
**** Incomplete boot **** 

=== Device boot ===
24117(logs/device5_intouch.log): 2014-01-19 12:58:21 Boot Start
**** Incomplete boot **** 

=== Device boot ===
24148(logs/device5_intouch.log): 2014-01-19 13:00:52 Boot Start
**** Incomplete boot **** 

=== Device boot ===
24178(logs/device5_intouch.log): 2014-01-19 13:03:23 Boot Start
**** Incomplete boot **** 

=== Device boot ===
24194(logs/device5_intouch.log): 2014-01-19 14:02:41 Boot Start
**** Incomplete boot **** 

=== Device boot ===
24817(logs/device5_intouch.log): 2014-01-20 12:54:08 Boot Start
**** Incomplete boot **** 

=== Device boot ===
24847(logs/device5_intouch.log): 2014-01-20 12:56:38 Boot Start
**** Incomplete boot **** 

=== Device boot ===
24877(logs/device5_intouch.log): 2014-01-20 14:02:43 Boot Start
**** Incomplete boot **** 

=== Device boot ===
25808(logs/device5_intouch.log): 2014-01-21 12:47:52 Boot Start
**** Incomplete boot **** 

=== Device boot ===
25838(logs/device5_intouch.log): 2014-01-21 12:50:20 Boot Start
**** Incomplete boot **** 

=== Device boot ===
25868(logs/device5_intouch.log): 2014-01-21 12:52:52 Boot Start
**** Incomplete boot **** 

=== Device boot ===
25899(logs/device5_intouch.log): 2014-01-21 12:55:23 Boot Start
**** Incomplete boot **** 

=== Device boot ===
25930(logs/device5_intouch.log): 2014-01-21 14:02:42 Boot Start
**** Incomplete boot **** 

=== Device boot ===
26727(logs/device5_intouch.log): 2014-01-22 14:02:41 Boot Start
**** Incomplete boot **** 

=== Device boot ===
27642(logs/device5_intouch.log): 2014-01-23 12:48:20 Boot Start
**** Incomplete boot **** 

=== Device boot ===
27673(logs/device5_intouch.log): 2014-01-23 12:50:52 Boot Start
**** Incomplete boot **** 

=== Device boot ===
27703(logs/device5_intouch.log): 2014-01-23 12:53:23 Boot Start
**** Incomplete boot **** 

=== Device boot ===
27733(logs/device5_intouch.log): 2014-01-23 14:02:37 Boot Start
**** Incomplete boot **** 

=== Device boot ===
28640(logs/device5_intouch.log): 2014-01-24 12:34:18 Boot Start
**** Incomplete boot **** 

=== Device boot ===
28671(logs/device5_intouch.log): 2014-01-24 12:36:50 Boot Start
**** Incomplete boot **** 

=== Device boot ===
28701(logs/device5_intouch.log): 2014-01-24 12:39:18 Boot Start
**** Incomplete boot **** 

=== Device boot ===
28731(logs/device5_intouch.log): 2014-01-24 12:41:51 Boot Start
**** Incomplete boot **** 

=== Device boot ===
28761(logs/device5_intouch.log): 2014-01-24 14:02:39 Boot Start
**** Incomplete boot **** 

=== Device boot ===
29708(logs/device5_intouch.log): 2014-01-25 12:17:07 Boot Start
**** Incomplete boot **** 

=== Device boot ===
29738(logs/device5_intouch.log): 2014-01-25 12:19:38 Boot Start
**** Incomplete boot **** 

=== Device boot ===
29768(logs/device5_intouch.log): 2014-01-25 12:22:08 Boot Start
**** Incomplete boot **** 

=== Device boot ===
29798(logs/device5_intouch.log): 2014-01-25 12:24:38 Boot Start
**** Incomplete boot **** 

=== Device boot ===
29829(logs/device5_intouch.log): 2014-01-25 14:02:38 Boot Start
**** Incomplete boot **** 

=== Device boot ===
31063(logs/device5_intouch.log): 2014-01-26 09:55:07 Boot Start
31176(logs/device5_intouch.log): 2014-01-26 09:58:04 Boot Completed
	Boot Time: 177000ms

=== Device boot ===
31274(logs/device5_intouch.log): 2014-01-26 12:15:18 Boot Start
**** Incomplete boot **** 

=== Device boot ===
31293(logs/device5_intouch.log): 2014-01-26 14:02:39 Boot Start
31401(logs/device5_intouch.log): 2014-01-26 14:05:24 Boot Completed
	Boot Time: 165000ms

=== Device boot ===
32623(logs/device5_intouch.log): 2014-01-27 12:27:55 Boot Start
**** Incomplete boot **** 

=== Device boot ===
32641(logs/device5_intouch.log): 2014-01-27 12:30:23 Boot Start
**** Incomplete boot **** 

=== Device boot ===
32656(logs/device5_intouch.log): 2014-01-27 12:32:51 Boot Start
**** Incomplete boot **** 

=== Device boot ===
32674(logs/device5_intouch.log): 2014-01-27 12:35:19 Boot Start
**** Incomplete boot **** 

=== Device boot ===
32693(logs/device5_intouch.log): 2014-01-27 14:02:38 Boot Start
32801(logs/device5_intouch.log): 2014-01-27 14:05:21 Boot Completed
	Boot Time: 163000ms

=== Device boot ===
33709(logs/device5_intouch.log): 2014-01-28 12:44:17 Boot Start
**** Incomplete boot **** 

=== Device boot ===
33725(logs/device5_intouch.log): 2014-01-28 14:02:33 Boot Start
33833(logs/device5_intouch.log): 2014-01-28 14:05:15 Boot Completed
	Boot Time: 162000ms

=== Device boot ===
34594(logs/device5_intouch.log): 2014-01-29 12:43:07 Boot Start
**** Incomplete boot **** 

=== Device boot ===
34613(logs/device5_intouch.log): 2014-01-29 14:02:35 Boot Start
34721(logs/device5_intouch.log): 2014-01-29 14:05:19 Boot Completed
	Boot Time: 164000ms

=== Device boot ===
37428(logs/device5_intouch.log): 2014-01-30 12:43:05 Boot Start
**** Incomplete boot **** 

=== Device boot ===
37447(logs/device5_intouch.log): 2014-01-30 14:02:40 Boot Start
37555(logs/device5_intouch.log): 2014-01-30 14:05:22 Boot Completed
	Boot Time: 162000ms

=== Device boot ===
38258(logs/device5_intouch.log): 2014-01-31 14:02:33 Boot Start
38366(logs/device5_intouch.log): 2014-01-31 14:05:16 Boot Completed
	Boot Time: 163000ms

=== Device boot ===
39150(logs/device5_intouch.log): 2014-02-01 12:39:38 Boot Start
**** Incomplete boot **** 

=== Device boot ===
39166(logs/device5_intouch.log): 2014-02-01 12:42:07 Boot Start
**** Incomplete boot **** 

=== Device boot ===
39182(logs/device5_intouch.log): 2014-02-01 14:02:32 Boot Start
39290(logs/device5_intouch.log): 2014-02-01 14:05:16 Boot Completed
	Boot Time: 164000ms

=== Device boot ===
40288(logs/device5_intouch.log): 2014-02-02 14:02:39 Boot Start
40397(logs/device5_intouch.log): 2014-02-02 14:05:31 Boot Completed
	Boot Time: 172000ms

=== Device boot ===
41615(logs/device5_intouch.log): 2014-02-03 12:35:55 Boot Start
**** Incomplete boot **** 

=== Device boot ===
41633(logs/device5_intouch.log): 2014-02-03 12:38:22 Boot Start
**** Incomplete boot **** 

=== Device boot ===
41648(logs/device5_intouch.log): 2014-02-03 12:40:48 Boot Start
**** Incomplete boot **** 

=== Device boot ===
41666(logs/device5_intouch.log): 2014-02-03 12:43:17 Boot Start
**** Incomplete boot **** 

=== Device boot ===
41684(logs/device5_intouch.log): 2014-02-03 12:45:46 Boot Start
**** Incomplete boot **** 

=== Device boot ===
41694(logs/device5_intouch.log): 2014-02-03 14:02:34 Boot Start
41802(logs/device5_intouch.log): 2014-02-03 14:05:18 Boot Completed
	Boot Time: 164000ms

